[suprememoverss.com/index.html]
[backblue.gif]
[fade.gif]
[index.html]
[suprememoverss.com/img/favicon.ico]
[suprememoverss.com/css/master.css]
[suprememoverss.com/assets/switcher/css/switcher.css]
[suprememoverss.com/assets/switcher/css/color2.css]
[suprememoverss.com/assets/switcher/css/color3.css]
[suprememoverss.com/assets/switcher/css/color4.css]
[suprememoverss.com/assets/switcher/css/color5.css]
[suprememoverss.com/assets/switcher/css/color6.css]
[suprememoverss.com/privacy.html]
[suprememoverss.com/terms.html]
[suprememoverss.com/about.html]
[suprememoverss.com/index-2.html]
[suprememoverss.com/cdn-cgi/l/email-protection.html]
[suprememoverss.com/services.html]
[suprememoverss.com/tracking.html]
[suprememoverss.com/animal.html]
[suprememoverss.com/contact.html]
[suprememoverss.com/media/main-slider/1.jpg]
[suprememoverss.com/road,html]
[suprememoverss.com/media/main-slider/2.jpg]
[suprememoverss.com/rental.html]
[suprememoverss.com/media/main-slider/4.jpg]
[suprememoverss.com/air.html]
[suprememoverss.com/media/main-slider/5.jpg]
[suprememoverss.com/sea.html]
[suprememoverss.com/media/main-slider/3.jpg]
[suprememoverss.com/service.1b.delayed]
[suprememoverss.com/media/3-column-info/1.jpg]
[suprememoverss.com/road.html]
[suprememoverss.com/media/3-column-info/2.jpg]
[suprememoverss.com/media/3-column-info/3.jpg]
[suprememoverss.com/ocean.html]
[suprememoverss.com/quote.html]
[suprememoverss.com/warehousing.html]
[suprememoverss.com/packaging.html]
[suprememoverss.com/railway.html]
[suprememoverss.com/media/fleet-gallery/1.png]
[suprememoverss.com/media/fleet-gallery/2.jpg]
[suprememoverss.com/media/fleet-gallery/3.jpg]
[suprememoverss.com/media/fleet-gallery/4.jpg]
[suprememoverss.com/media/fleet-gallery/5.jpg]
[suprememoverss.com/media/fleet-gallery/6.jpg]
[suprememoverss.com/media/partners/1.png]
[suprememoverss.com/media/partners/2.png]
[suprememoverss.com/media/partners/3.png]
[suprememoverss.com/media/partners/4.png]
[suprememoverss.com/media/partners/5.png]
[suprememoverss.com/media/partners/6.png]
[suprememoverss.com/js/jquery-1.11.3.min.js]
[suprememoverss.com/js/bootstrap.min.js]
[suprememoverss.com/js/modernizr.custom.js]
[suprememoverss.com/assets/rendro-easy-pie-chart/dist/jquery.easypiechart.min.js]
[suprememoverss.com/js/waypoints.min.js]
[suprememoverss.com/js/jquery.easypiechart.min.js]
[suprememoverss.com/assets/loader/js/classie.js]
[suprememoverss.com/assets/loader/js/pathLoader.js]
[suprememoverss.com/assets/loader/js/main.js]
[suprememoverss.com/js/classie.js]
[suprememoverss.com/assets/switcher/js/switcher.js]
[suprememoverss.com/js/jquery-ui.min.js]
[suprememoverss.com/assets/owl-carousel/owl.carousel.min.js]
[suprememoverss.com/assets/isotope/jquery.isotope.min.js]
[suprememoverss.com/js/jquery.smooth-scroll.js]
[suprememoverss.com/js/wow.min.js]
[suprememoverss.com/js/jquery.placeholder.min.js]
[suprememoverss.com/js/smoothscroll.min.js]
[suprememoverss.com/index.html]
[suprememoverss.com/js/theme.js]
[suprememoverss.com/css/bootstrap.min.css]
[suprememoverss.com/css/skin-bootstrap.css]
[suprememoverss.com/css/font-awesome.min.css]
[suprememoverss.com/css/theme.css]
[suprememoverss.com/css/responsive.css]
[suprememoverss.com/css/animate.css]
[suprememoverss.com/css/color.css]
[suprememoverss.com/fonts/flaticon/flaticon.css]
[suprememoverss.com/assets/loader/css/loader.css]
[suprememoverss.com/assets/owl-carousel/owl.carousel.css]
[suprememoverss.com/assets/owl-carousel/owl.theme.css]
[suprememoverss.com/css/master.css]
[suprememoverss.com/assets/switcher/css/switcher.css]
[suprememoverss.com/assets/switcher/css/color1.css]
[suprememoverss.com/assets/isotope/isotope.css]
[suprememoverss.com/assets/switcher/css/logos/logo2.png]
[suprememoverss.com/assets/switcher/css/color2.css]
[suprememoverss.com/assets/switcher/css/logos/logo3.png]
[suprememoverss.com/assets/switcher/css/color3.css]
[suprememoverss.com/assets/switcher/css/logos/logo4.png]
[suprememoverss.com/assets/switcher/css/color4.css]
[suprememoverss.com/assets/switcher/css/logos/logo5.png]
[suprememoverss.com/assets/switcher/css/color5.css]
[suprememoverss.com/assets/switcher/css/logos/logo6.png]
[suprememoverss.com/assets/switcher/css/color6.css]
[suprememoverss.com/courier.html]
[suprememoverss.com/express.html]
[suprememoverss.com/small.html]
[suprememoverss.com/door.html]
[suprememoverss.com/odc.html]
[suprememoverss.com/custom.html]
[suprememoverss.com/shipment.html]
[suprememoverss.com/privacy.html]
[suprememoverss.com/terms.html]
[suprememoverss.com/container.html]
[suprememoverss.com/media/images/11.jpg]
[suprememoverss.com/media/images/22.jpg]
[suprememoverss.com/media/images/33.jpg]
[suprememoverss.com/media/bg/4.jpg]
[suprememoverss.com/about.html]
[suprememoverss.com/index-2.html]
[suprememoverss.com/cdn-cgi/l/email-protection.html]
[suprememoverss.com/05_services.html]
[suprememoverss.com/media/3-column-info/4.jpg]
[suprememoverss.com/media/3-column-info/5.jpg]
[suprememoverss.com/media/3-column-info/6.jpg]
[suprememoverss.com/media/3-column-info/7.jpg]
[suprememoverss.com/media/3-column-info/8.jpg]
[suprememoverss.com/08_services-details.html]
[suprememoverss.com/media/3-column-info/9.jpg]
[suprememoverss.com/media/3-column-info/10.jpg]
[suprememoverss.com/media/3-column-info/11.jpg]
[suprememoverss.com/media/3-column-info/12.jpg]
[suprememoverss.com/media/3-column-info/13.jpg]
[suprememoverss.com/smallpackage.html]
[suprememoverss.com/media/3-column-info/14.jpg]
[suprememoverss.com/media/3-column-info/15.jpg]
[suprememoverss.com/media/3-column-info/16.jpg]
[suprememoverss.com/media/3-column-info/17.jpg]
[suprememoverss.com/media/3-column-info/18.jpg]
[suprememoverss.com/media/3-column-info/19.jpg]
[suprememoverss.com/services.html]
[suprememoverss.com/tracking.html]
[suprememoverss.com/media/images/pet.jpg]
[suprememoverss.com/animal.html]
[suprememoverss.com/contact.html]
[suprememoverss.com/road,html.html]
[suprememoverss.com/rental.html]
[suprememoverss.com/assets/contact/contact_me.js]
[suprememoverss.com/assets/contact/jqBootstrapValidation.js]
[suprememoverss.com/media/images/airfreight.jpg]
[suprememoverss.com/air.html]
[suprememoverss.com/media/images/oceanfreight.jpg]
[suprememoverss.com/sea.html]
[suprememoverss.com/service.html]
[suprememoverss.com/media/images/roadtransport.jpg]
[suprememoverss.com/road.html]
[suprememoverss.com/ocean.html]
[suprememoverss.com/quote.html]
[suprememoverss.com/media/images/warehouse.jpg]
[suprememoverss.com/warehousing.html]
[suprememoverss.com/media/images/packaging.jpg]
[suprememoverss.com/packaging.html]
[suprememoverss.com/railway.html]
[suprememoverss.com/fonts/glyphicons-halflings-regular.woff]
[suprememoverss.com/fonts/glyphicons-halflings-regular.eot]
[suprememoverss.com/fonts/glyphicons-halflings-regular.woff2]
[suprememoverss.com/fonts/glyphicons-halflings-regular.ttf]
[suprememoverss.com/css/bootstrap.min.css]
[suprememoverss.com/css/skin-bootstrap.css]
[suprememoverss.com/fonts/glyphicons-halflings-regular.svg]
[suprememoverss.com/fonts/glyphicons-halflings-regulard41d.eot]
[suprememoverss.com/fonts/fontawesome-webfont93e3.woff]
[suprememoverss.com/fonts/fontawesome-webfont93e3.eot]
[suprememoverss.com/fonts/fontawesome-webfontd41d.eot]
[suprememoverss.com/fonts/fontawesome-webfont93e3.woff2]
[suprememoverss.com/fonts/fontawesome-webfont93e3.ttf]
[suprememoverss.com/css/font-awesome.min.css]
[suprememoverss.com/img/logo.png]
[suprememoverss.com/fonts/fontawesome-webfont93e3.svg]
[suprememoverss.com/media/bg/1.jpg]
[suprememoverss.com/media/bg/2.jpg]
[suprememoverss.com/img/footer-bg.png]
[suprememoverss.com/img/logo-footer.png]
[suprememoverss.com/img/form-bg.jpg]
[suprememoverss.com/css/theme.css]
[suprememoverss.com/css/responsive.css]
[suprememoverss.com/css/animate.css]
[suprememoverss.com/css/color.css]
[suprememoverss.com/fonts/flaticon/flaticon.eot]
[suprememoverss.com/fonts/flaticon/flaticon.woff]
[suprememoverss.com/fonts/flaticon/flaticon.ttf]
[suprememoverss.com/fonts/flaticon/flaticon.css]
[suprememoverss.com/fonts/flaticon/flaticon.svg]
[suprememoverss.com/assets/loader/img/browser.png]
[suprememoverss.com/assets/loader/css/loader.css]
[suprememoverss.com/assets/owl-carousel/grabbing.png]
[suprememoverss.com/assets/owl-carousel/owl.carousel.css]
[suprememoverss.com/assets/owl-carousel/AjaxLoader.gif]
[suprememoverss.com/assets/owl-carousel/owl.theme.css]
[suprememoverss.com/assets/isotope/isotope.css]
[suprememoverss.com/media/images/courier.jpg]
[suprememoverss.com/courier.html]
[suprememoverss.com/express.html]
[suprememoverss.com/small.html]
[suprememoverss.com/door.html]
[suprememoverss.com/odc.html]
[suprememoverss.com/custom.html]
[suprememoverss.com/shipment.html]
[suprememoverss.com/container.html]
[suprememoverss.com/05_services.html]
[suprememoverss.com/08_services-details.html]
[suprememoverss.com/smallpackage.html]
[suprememoverss.com/fonts/glyphicons-halflings-regular.svg]
[suprememoverss.com/fonts/fontawesome-webfont93e3.svg]
[suprememoverss.com/fonts/flaticon/flaticon.svg]
[suprememoverss.com/assets/loader/img/browser.html]
